
deves@Ghost-PC MINGW64 ~/OneDrive/Documents/TestingProject
$ git init
Initialized empty Git repository in C:/Users/deves/OneDrive/Documents/TestingProject/.git/

deves@Ghost-PC MINGW64 ~/OneDrive/Documents/TestingProject (master)
$ git remote add origin "https://github.com/deadlyghost9/TestingProject.git"

deves@Ghost-PC MINGW64 ~/OneDrive/Documents/TestingProject (master)
$ git pull origin master
fatal: couldn't find remote ref master

deves@Ghost-PC MINGW64 ~/OneDrive/Documents/TestingProject (master)
$ git pull origin master
fatal: couldn't find remote ref master

deves@Ghost-PC MINGW64 ~/OneDrive/Documents/TestingProject (master)
$ git pull origin
remote: Enumerating objects: 6, done.
remote: Counting objects: 100% (6/6), done.
remote: Compressing objects: 100% (3/3), done.
remote: Total 6 (delta 0), reused 0 (delta 0), pack-reused 0
Unpacking objects: 100% (6/6), 1.28 KiB | 38.00 KiB/s, done.
From https://github.com/deadlyghost9/TestingProject
 * [new branch]      main       -> origin/main
You asked to pull from the remote 'origin', but did not specify
a branch. Because this is not the default configured remote
for your current branch, you must specify a branch on the command line.

deves@Ghost-PC MINGW64 ~/OneDrive/Documents/TestingProject (master)
$ git pull origin main
From https://github.com/deadlyghost9/TestingProject
 * branch            main       -> FETCH_HEAD

deves@Ghost-PC MINGW64 ~/OneDrive/Documents/TestingProject (master)
$ git push origin main
error: src refspec main does not match any
error: failed to push some refs to 'https://github.com/deadlyghost9/TestingProject.git'

deves@Ghost-PC MINGW64 ~/OneDrive/Documents/TestingProject (master)
$ git push origin
fatal: The current branch master has no upstream branch.
To push the current branch and set the remote as upstream, use

    git push --set-upstream origin master


deves@Ghost-PC MINGW64 ~/OneDrive/Documents/TestingProject (master)
$ git status
On branch master
Changes not staged for commit:
  (use "git add <file>..." to update what will be committed)
  (use "git restore <file>..." to discard changes in working directory)
        modified:   README.md

no changes added to commit (use "git add" and/or "git commit -a")

deves@Ghost-PC MINGW64 ~/OneDrive/Documents/TestingProject (master)
$ git statud
git: 'statud' is not a git command. See 'git --help'.

The most similar command is
        status

deves@Ghost-PC MINGW64 ~/OneDrive/Documents/TestingProject (master)
$ git status
On branch master
Changes not staged for commit:
  (use "git add <file>..." to update what will be committed)
  (use "git restore <file>..." to discard changes in working directory)
        modified:   README.md

Untracked files:
  (use "git add <file>..." to include in what will be committed)
        Another Readme.txt

no changes added to commit (use "git add" and/or "git commit -a")

deves@Ghost-PC MINGW64 ~/OneDrive/Documents/TestingProject (master)
$ git add Another Readme.txt
fatal: pathspec 'Another' did not match any files

deves@Ghost-PC MINGW64 ~/OneDrive/Documents/TestingProject (master)
$ git add AnotherReadme.txt

deves@Ghost-PC MINGW64 ~/OneDrive/Documents/TestingProject (master)
$ git commit -m "adding commit in local"
[master 0d8c3c7] adding commit in local
 1 file changed, 1 insertion(+)
 create mode 100644 AnotherReadme.txt

deves@Ghost-PC MINGW64 ~/OneDrive/Documents/TestingProject (master)
$ git log
commit 0d8c3c7d77ae336d91269787f12cbd54f9f69615 (HEAD -> master)
Author: Devesh Sony <deveshsoni32@gmail.com>
Date:   Wed Mar 17 19:45:36 2021 +0530

    adding commit in local

commit 1e4ed82e465bfd17cb69e58bc4098087a6ec8533 (origin/main)
Author: Ghost09 <41258872+deadlyghost9@users.noreply.github.com>
Date:   Wed Mar 17 18:43:54 2021 +0530

    Update README.md

commit 90db181ceb0007cddf66c297f7bd73f7b0758a7d
Author: Ghost09 <41258872+deadlyghost9@users.noreply.github.com>
Date:   Wed Mar 17 18:43:00 2021 +0530

    Initial commit

deves@Ghost-PC MINGW64 ~/OneDrive/Documents/TestingProject (master)
$  git branch firstbranch

deves@Ghost-PC MINGW64 ~/OneDrive/Documents/TestingProject (master)
$ git checkout firstbranch
Switched to branch 'firstbranch'
M       README.md

deves@Ghost-PC MINGW64 ~/OneDrive/Documents/TestingProject (firstbranch)
$ git add AnotherReadme.txt

deves@Ghost-PC MINGW64 ~/OneDrive/Documents/TestingProject (firstbranch)
$ ls
AnotherReadme.txt  README.md

deves@Ghost-PC MINGW64 ~/OneDrive/Documents/TestingProject (firstbranch)
$ git checkout master
Switched to branch 'master'
M       README.md

deves@Ghost-PC MINGW64 ~/OneDrive/Documents/TestingProject (master)
$ ls
AnotherReadme.txt  README.md

deves@Ghost-PC MINGW64 ~/OneDrive/Documents/TestingProject (master)
$  ls
AnotherReadme.txt  README.md  Second.txt  Third.txt

deves@Ghost-PC MINGW64 ~/OneDrive/Documents/TestingProject (master)
$ git status
On branch master
Changes not staged for commit:
  (use "git add <file>..." to update what will be committed)
  (use "git restore <file>..." to discard changes in working directory)
        modified:   README.md

Untracked files:
  (use "git add <file>..." to include in what will be committed)
        Second.txt
        Third.txt

no changes added to commit (use "git add" and/or "git commit -a")

deves@Ghost-PC MINGW64 ~/OneDrive/Documents/TestingProject (master)
$ git add -A

deves@Ghost-PC MINGW64 ~/OneDrive/Documents/TestingProject (master)
$ git status
On branch master
Changes to be committed:
  (use "git restore --staged <file>..." to unstage)
        modified:   README.md
        new file:   Second.txt
        new file:   Third.txt


deves@Ghost-PC MINGW64 ~/OneDrive/Documents/TestingProject (master)
$ git checkout firstbrancg
error: pathspec 'firstbrancg' did not match any file(s) known to git

deves@Ghost-PC MINGW64 ~/OneDrive/Documents/TestingProject (master)
$ git checkout firstbranch
Switched to branch 'firstbranch'
M       README.md
A       Second.txt
A       Third.txt

deves@Ghost-PC MINGW64 ~/OneDrive/Documents/TestingProject (firstbranch)
$ ls
AnotherReadme.txt  README.md  Second.txt  Third.txt

deves@Ghost-PC MINGW64 ~/OneDrive/Documents/TestingProject (firstbranch)
$ ls
AnotherReadme.txt  README.md  Second.txt  Third.txt

deves@Ghost-PC MINGW64 ~/OneDrive/Documents/TestingProject (firstbranch)
$ git add Second.txr
fatal: pathspec 'Second.txr' did not match any files

deves@Ghost-PC MINGW64 ~/OneDrive/Documents/TestingProject (firstbranch)
$ git add Second.txt

deves@Ghost-PC MINGW64 ~/OneDrive/Documents/TestingProject (firstbranch)
$ git checkout master
Switched to branch 'master'
M       README.md
A       Second.txt
A       Third.txt

deves@Ghost-PC MINGW64 ~/OneDrive/Documents/TestingProject (master)
$ ls
AnotherReadme.txt  README.md  Second.txt  Third.txt

deves@Ghost-PC MINGW64 ~/OneDrive/Documents/TestingProject (master)
$ git commit -a -m "second commit in local"
[master 6440bef] second commit in local
 3 files changed, 3 insertions(+)
 create mode 100644 Second.txt
 create mode 100644 Third.txt

deves@Ghost-PC MINGW64 ~/OneDrive/Documents/TestingProject (master)
$ git branch secondbranch

deves@Ghost-PC MINGW64 ~/OneDrive/Documents/TestingProject (master)
$ git checkout secondbranch
Switched to branch 'secondbranch'

deves@Ghost-PC MINGW64 ~/OneDrive/Documents/TestingProject (secondbranch)
$ git add second.txt

deves@Ghost-PC MINGW64 ~/OneDrive/Documents/TestingProject (secondbranch)
$ ls
AnotherReadme.txt  README.md  Second.txt  Third.txt

deves@Ghost-PC MINGW64 ~/OneDrive/Documents/TestingProject (secondbranch)
$ git checkout master
Switched to branch 'master'

deves@Ghost-PC MINGW64 ~/OneDrive/Documents/TestingProject (master)
$ ls
AnotherReadme.txt  README.md  Second.txt  Third.txt

deves@Ghost-PC MINGW64 ~/OneDrive/Documents/TestingProject (master)
$ git checkout firstbranch
Switched to branch 'firstbranch'

deves@Ghost-PC MINGW64 ~/OneDrive/Documents/TestingProject (firstbranch)
$ git commit -m "first in firstbranch"
On branch firstbranch
nothing to commit, working tree clean

deves@Ghost-PC MINGW64 ~/OneDrive/Documents/TestingProject (firstbranch)
$ ls
AnotherReadme.txt  README.md

deves@Ghost-PC MINGW64 ~/OneDrive/Documents/TestingProject (firstbranch)
$ git checkout secondbranch
Switched to branch 'secondbranch'

deves@Ghost-PC MINGW64 ~/OneDrive/Documents/TestingProject (secondbranch)
$ git commit -m "first in SecondBranch"
On branch secondbranch
nothing to commit, working tree clean

deves@Ghost-PC MINGW64 ~/OneDrive/Documents/TestingProject (secondbranch)
$ ls
AnotherReadme.txt  README.md  Second.txt  Third.txt

deves@Ghost-PC MINGW64 ~/OneDrive/Documents/TestingProject (secondbranch)
$ git checkout master
Switched to branch 'master'

deves@Ghost-PC MINGW64 ~/OneDrive/Documents/TestingProject (master)
$ git commit -m "Commit in master"
On branch master
nothing to commit, working tree clean

deves@Ghost-PC MINGW64 ~/OneDrive/Documents/TestingProject (master)
$ ls
AnotherReadme.txt  README.md  Second.txt  Third.txt

deves@Ghost-PC MINGW64 ~/OneDrive/Documents/TestingProject (master)
$ git merge firstbranch
Already up to date.

deves@Ghost-PC MINGW64 ~/OneDrive/Documents/TestingProject (master)
$ git demerge firstbranch
git: 'demerge' is not a git command. See 'git --help'.

deves@Ghost-PC MINGW64 ~/OneDrive/Documents/TestingProject (master)
$ git --help
usage: git [--version] [--help] [-C <path>] [-c <name>=<value>]
           [--exec-path[=<path>]] [--html-path] [--man-path] [--info-path]
           [-p | --paginate | -P | --no-pager] [--no-replace-objects] [--bare]
           [--git-dir=<path>] [--work-tree=<path>] [--namespace=<name>]
           <command> [<args>]

These are common Git commands used in various situations:

start a working area (see also: git help tutorial)
   clone             Clone a repository into a new directory
   init              Create an empty Git repository or reinitialize an existing one

work on the current change (see also: git help everyday)
   add               Add file contents to the index
   mv                Move or rename a file, a directory, or a symlink
   restore           Restore working tree files
   rm                Remove files from the working tree and from the index
   sparse-checkout   Initialize and modify the sparse-checkout

examine the history and state (see also: git help revisions)
   bisect            Use binary search to find the commit that introduced a bug
   diff              Show changes between commits, commit and working tree, etc
   grep              Print lines matching a pattern
   log               Show commit logs
   show              Show various types of objects
   status            Show the working tree status

grow, mark and tweak your common history
   branch            List, create, or delete branches
   commit            Record changes to the repository
   merge             Join two or more development histories together
   rebase            Reapply commits on top of another base tip
   reset             Reset current HEAD to the specified state
   switch            Switch branches
   tag               Create, list, delete or verify a tag object signed with GPG

collaborate (see also: git help workflows)
   fetch             Download objects and refs from another repository
   pull              Fetch from and integrate with another repository or a local branch
   push              Update remote refs along with associated objects

'git help -a' and 'git help -g' list available subcommands and some
concept guides. See 'git help <command>' or 'git help <concept>'
to read about a specific subcommand or concept.
See 'git help git' for an overview of the system.

deves@Ghost-PC MINGW64 ~/OneDrive/Documents/TestingProject (master)
$ git merge --help

deves@Ghost-PC MINGW64 ~/OneDrive/Documents/TestingProject (master)
$ ls
AnotherReadme.txt  README.md  Second.txt  Third.txt

deves@Ghost-PC MINGW64 ~/OneDrive/Documents/TestingProject (master)
$ git checkout firstbranch
Switched to branch 'firstbranch'

deves@Ghost-PC MINGW64 ~/OneDrive/Documents/TestingProject (firstbranch)
$ git commit -a -m "modifying another readme"
[firstbranch 31d8ab5] modifying another readme
 1 file changed, 2 insertions(+)

deves@Ghost-PC MINGW64 ~/OneDrive/Documents/TestingProject (firstbranch)
$ cat AnotherReadme.tct
cat: AnotherReadme.tct: No such file or directory

deves@Ghost-PC MINGW64 ~/OneDrive/Documents/TestingProject (firstbranch)
$ cat AnotherReadme.txt
How are you??
modified in first branch


deves@Ghost-PC MINGW64 ~/OneDrive/Documents/TestingProject (firstbranch)
$ git checkout master
Switched to branch 'master'

deves@Ghost-PC MINGW64 ~/OneDrive/Documents/TestingProject (master)
$ cat AnotherReadme.txt
How are you??

deves@Ghost-PC MINGW64 ~/OneDrive/Documents/TestingProject (master)
$ ls
AnotherReadme.txt  README.md  Second.txt  Third.txt

deves@Ghost-PC MINGW64 ~/OneDrive/Documents/TestingProject (master)
$ git checkout firstbranch
Switched to branch 'firstbranch'

deves@Ghost-PC MINGW64 ~/OneDrive/Documents/TestingProject (firstbranch)
$ git add -A

deves@Ghost-PC MINGW64 ~/OneDrive/Documents/TestingProject (firstbranch)
$ git commit -a -m "adding for rebasing"
[firstbranch 321f312] adding for rebasing
 1 file changed, 1 insertion(+)
 create mode 100644 Fourth.txt

deves@Ghost-PC MINGW64 ~/OneDrive/Documents/TestingProject (firstbranch)
$ git checkout master
Switched to branch 'master'

deves@Ghost-PC MINGW64 ~/OneDrive/Documents/TestingProject (master)
$ ls
AnotherReadme.txt  README.md  Second.txt  Third.txt

deves@Ghost-PC MINGW64 ~/OneDrive/Documents/TestingProject (master)
$ git checkout firstbranch
Switched to branch 'firstbranch'

deves@Ghost-PC MINGW64 ~/OneDrive/Documents/TestingProject (firstbranch)
$ git add -A

deves@Ghost-PC MINGW64 ~/OneDrive/Documents/TestingProject (firstbranch)
$ git commit -a -m "adding for rebasing"
[firstbranch 393af59] adding for rebasing
 1 file changed, 1 insertion(+)
 create mode 100644 Five.txt

deves@Ghost-PC MINGW64 ~/OneDrive/Documents/TestingProject (firstbranch)
$ ls
AnotherReadme.txt  Five.txt  Fourth.txt  README.md

deves@Ghost-PC MINGW64 ~/OneDrive/Documents/TestingProject (firstbranch)
$ git rebase master
Successfully rebased and updated refs/heads/firstbranch.

deves@Ghost-PC MINGW64 ~/OneDrive/Documents/TestingProject (firstbranch)
$ git checkout master
Switched to branch 'master'

deves@Ghost-PC MINGW64 ~/OneDrive/Documents/TestingProject (master)
$ ls
AnotherReadme.txt  README.md  Second.txt  Third.txt

deves@Ghost-PC MINGW64 ~/OneDrive/Documents/TestingProject (master)
$ git rebase firstbranch
Successfully rebased and updated refs/heads/master.

deves@Ghost-PC MINGW64 ~/OneDrive/Documents/TestingProject (master)
$ ls
AnotherReadme.txt  Five.txt  Fourth.txt  README.md  Second.txt  Third.txt

deves@Ghost-PC MINGW64 ~/OneDrive/Documents/TestingProject (master)
$ ssh-keygen
Generating public/private rsa key pair.
Enter file in which to save the key (/c/Users/deves/.ssh/id_rsa):
Created directory '/c/Users/deves/.ssh'.
Enter passphrase (empty for no passphrase):
Enter same passphrase again:
Your identification has been saved in /c/Users/deves/.ssh/id_rsa
Your public key has been saved in /c/Users/deves/.ssh/id_rsa.pub
The key fingerprint is:
SHA256:xE8NHku4MK5L+B4Pd7rJITl9FjzUQccq6kEY4pE+Cgk deves@Ghost-PC
The key's randomart image is:
+---[RSA 3072]----+
|   .     o*..    |
|E + . o..+ B.    |
|.+ o + o+.=..    |
|o + . o+oo.      |
|.. o o .S..      |
|. . ooo  o       |
|   o*o+.+        |
|    oO.B         |
|   .. *.         |
+----[SHA256]-----+

deves@Ghost-PC MINGW64 ~/OneDrive/Documents/TestingProject (master)
$ cat /c/Users/deves/.ssh/id_rsa.pub
ssh-rsa AAAAB3NzaC1yc2EAAAADAQABAAABgQCrWRT347je81yXjjR/msIWQXMwlpy1W4ChlolRe/I5ckTfu5jnYedIhfLCkJcPfBxvV57RWvHR5eEXnAAu2nEbO4DgCKU9hDu2ZXVHk9JxoLmM//moXt6CsQKfKNYaEtog9cMnlKHUkxUnuVVQJ8vz1rAYg8hsIxGn8M0+nsPhc9R9bAg54kPlLpslS7snSdOpkizTVnAB9oDhkHS6iOtTOzBfyfqW0R3Szzu6jXSRXTG01zTH2HLSdohdg6T4N6RhKYllDlpgwSixiaU+IvBubxAsv0l3sZhlVwlunjzSC/d7m9IDxR6A0wHf0iTXD2Rq7xVvomJt2v1le9AgBKHOQArENKdLEtf/aTjjndjHFZcZrdwPlPolgIIt0ppjsCSUCUJ6Wn1EzOMKWgk9++98Ry7A362Qnr85D/9cVafqG6x+onCHJttYisWCSyTCB0VSxSQs1wIWz3em183dEaFkgXXySsuilpFoDK6jQ7Pj9TZpZEtsOeklyHttLlBpegc= deves@Ghost-PC

deves@Ghost-PC MINGW64 ~/OneDrive/Documents/TestingProject (master)
$ ^C

deves@Ghost-PC MINGW64 ~/OneDrive/Documents/TestingProject (master)
$ ssh -T git@github.com
The authenticity of host 'github.com (13.234.176.102)' can't be established.
RSA key fingerprint is SHA256:nThbg6kXUpJWGl7E1IGOCspRomTxdCARLviKw6E5SY8.
Are you sure you want to continue connecting (yes/no/[fingerprint])? yes
Warning: Permanently added 'github.com,13.234.176.102' (RSA) to the list of known hosts.
Hi deadlyghost9! You've successfully authenticated, but GitHub does not provide shell access.

deves@Ghost-PC MINGW64 ~/OneDrive/Documents/TestingProject (master)
$ git checkout firstbranch
Switched to branch 'firstbranch'

deves@Ghost-PC MINGW64 ~/OneDrive/Documents/TestingProject (firstbranch)
$ git push origin firstbranch
Enumerating objects: 19, done.
Counting objects: 100% (19/19), done.
Delta compression using up to 8 threads
Compressing objects: 100% (11/11), done.
Writing objects: 100% (17/17), 1.50 KiB | 512.00 KiB/s, done.
Total 17 (delta 3), reused 0 (delta 0), pack-reused 0
remote: Resolving deltas: 100% (3/3), done.
remote:
remote: Create a pull request for 'firstbranch' on GitHub by visiting:
remote:      https://github.com/deadlyghost9/TestingProject/pull/new/firstbranch
remote:
To https://github.com/deadlyghost9/TestingProject.git
 * [new branch]      firstbranch -> firstbranch

deves@Ghost-PC MINGW64 ~/OneDrive/Documents/TestingProject (firstbranch)
$ git checkout master
Switched to branch 'master'

deves@Ghost-PC MINGW64 ~/OneDrive/Documents/TestingProject (master)
$ git push origin master
Total 0 (delta 0), reused 0 (delta 0), pack-reused 0
remote:
remote: Create a pull request for 'master' on GitHub by visiting:
remote:      https://github.com/deadlyghost9/TestingProject/pull/new/master
remote:
To https://github.com/deadlyghost9/TestingProject.git
 * [new branch]      master -> master

deves@Ghost-PC MINGW64 ~/OneDrive/Documents/TestingProject (master)
$ git add Revert.txt

deves@Ghost-PC MINGW64 ~/OneDrive/Documents/TestingProject (master)
$ git commit -m "revert"
[master c5cb442] revert
 1 file changed, 2 insertions(+)
 create mode 100644 Revert.txt

deves@Ghost-PC MINGW64 ~/OneDrive/Documents/TestingProject (master)
$ git commit -a -m "second revert"
[master b7955a7] second revert
 1 file changed, 1 insertion(+)

deves@Ghost-PC MINGW64 ~/OneDrive/Documents/TestingProject (master)
$ cat Revert.txt
For reverting the version of product

Fuck Off!!
deves@Ghost-PC MINGW64 ~/OneDrive/Documents/TestingProject (master)
$ git log
commit b7955a71fecafb2b386f1e36533ee3e06f601f4c (HEAD -> master)
Author: Devesh Sony <deveshsoni32@gmail.com>
Date:   Wed Mar 17 21:02:11 2021 +0530

    second revert

commit c5cb442224264dd483baa942795d057155a716ee
Author: Devesh Sony <deveshsoni32@gmail.com>
Date:   Wed Mar 17 21:01:23 2021 +0530

    revert

commit f2efc91eb58dff9d855016c6fde13c629ebd6d66 (origin/master, origin/firstbranch, firstbranch)
Author: Devesh Sony <deveshsoni32@gmail.com>
Date:   Wed Mar 17 20:34:58 2021 +0530

    adding for rebasing

commit 285fe027686d536e24a097c3710963c9d5a361c9
Author: Devesh Sony <deveshsoni32@gmail.com>
Date:   Wed Mar 17 20:32:32 2021 +0530

    adding for rebasing
    adding for rebasing

commit 12920f81e79305bad7fb7ba12b32b75a7c2aefa4
Author: Devesh Sony <deveshsoni32@gmail.com>
Date:   Wed Mar 17 20:22:08 2021 +0530

    modifying another readme

commit 6440befffd6b57be067e7170634ae3e95c135a63 (secondbranch)
Author: Devesh Sony <deveshsoni32@gmail.com>
Date:   Wed Mar 17 20:06:40 2021 +0530

    second commit in local

commit 0d8c3c7d77ae336d91269787f12cbd54f9f69615
Author: Devesh Sony <deveshsoni32@gmail.com>
Date:   Wed Mar 17 19:45:36 2021 +0530

    adding commit in local

commit 1e4ed82e465bfd17cb69e58bc4098087a6ec8533 (origin/main)
Author: Ghost09 <41258872+deadlyghost9@users.noreply.github.com>
Date:   Wed Mar 17 18:43:54 2021 +0530

    Update README.md

commit 90db181ceb0007cddf66c297f7bd73f7b0758a7d
Author: Ghost09 <41258872+deadlyghost9@users.noreply.github.com>
Date:   Wed Mar 17 18:43:00 2021 +0530

    Initial commit
log file: d
a
deves@Ghost-PC MINGW64 ~/OneDrive/Documents/TestingProject (master)
git checkout c5cb4422 Revert.txt
Updated 1 path from a84768a

deves@Ghost-PC MINGW64 ~/OneDrive/Documents/TestingProject (master)
$ cat Revert.txt
For reverting the version of product


deves@Ghost-PC MINGW64 ~/OneDrive/Documents/TestingProject (master)
$
